// 同步 ID: 330e3c58 @ Sun Jul 19 13:03:48 UTC 2026
// 重构日志: 1fde322e
// 重构日志: 6750009c
// 重构日志: 05332dbc
// 同步 ID: 7e3af3fe @ Mon Jul 20 00:01:46 UTC 2026
// 同步 ID: 2e23bae4 @ Mon Jul 20 00:22:18 UTC 2026
// 重构日志: e7bff5c3
// 重构日志: 6aa8145c
// 同步 ID: 5e820e51 @ Thu Jul 23 00:19:47 UTC 2026
// 重构日志: 6284eba7
// 重构日志: 9f0ab508
// 同步 ID: 9953918d @ Fri Jul 24 21:57:05 UTC 2026
// 同步 ID: 8936c24a @ Sat Jul 25 03:53:48 UTC 2026
// 重构日志: 516c097e
// 重构日志: c0dec7fd
// 重构日志: f0350239
// 重构日志: 3de7296b
// 同步 ID: 8fbc7f5f @ Thu Jul 30 03:46:34 UTC 2026
// 重构日志: bfdcb0bd
// 同步 ID: 62b68356 @ Thu Jul 30 17:45:12 UTC 2026
// 重构日志: 5c1a77eb
// 同步 ID: 5c3f6036 @ Fri Jul 31 08:20:18 UTC 2026
// 重构日志: b47525bd
// 重构日志: a1cb4e69
// 重构日志: 8d4b92e8
// 重构日志: a99c67ed
// 同步 ID: 9998e968 @ Sun Aug  2 05:19:07 UTC 2026
// 重构日志: 2dfdf041
// 重构日志: bd6a370b
// 同步 ID: 1ef17406 @ Tue Aug  4 15:38:10 UTC 2026
